// Jest Snapshot v1, https://goo.gl/fbAQLP

exports[`renders correctly 1`] = `
<div>
  <div
    class="entry"
  >
    entry abc
  </div>
   
  <img
    src="../../assets/photo.jpg"
  />
</div>
`;
